// Jest Snapshot v1, https://goo.gl/fbAQLP

exports[`Constants should be match with the structure of the snapshot 1`] = `undefined`;
