// Jest Snapshot v1, https://goo.gl/fbAQLP

exports[`Sidebar render should match with html structure of the snapshot 1`] = `
<section
  className="content--sidebar"
>
  <div
    className="sidebar--header"
  >
    <div
      className="sidebar--avatar"
    >
      <img
        alt="Avatar"
        src="Avatar"
      />
    </div>
    <div
      className="sidebar--info"
    >
      <h1
        className="sidebar--info__title"
      >
        Kyle Simpson
      </h1>
      <span
        className="sidebar--info__bio"
      >
        Biography
      </span>
    </div>
    <div
      className="sidebar--following"
    >
      <Follow
        icon={
          <FaUserCheck
            size="2rem"
          />
        }
        quantity={40}
        title="Followers"
      />
      <Follow
        icon={
          <FaUserPlus
            size="2rem"
          />
        }
        quantity={22}
        title="Following"
      />
    </div>
    <div
      className="algo"
    >
      <StatsBox
        icon={
          <GoClock
            size="3rem"
          />
        }
        quantity={0}
        title="Joined Github a few seconds ago"
      />
      <StatsBox
        icon={
          <GoMail
            size="3rem"
          />
        }
        quantity={0}
      />
      <StatsBox
        icon={
          <GoCode
            size="3rem"
          />
        }
        quantity={0}
      />
    </div>
  </div>
</section>
`;
