// Jest Snapshot v1, https://goo.gl/fbAQLP

exports[`Constants should be match with all constants 1`] = `undefined`;
